#-----------------------------------------------------------
# Vivado v2019.2 (64-bit)
# SW Build 2708876 on Wed Nov  6 21:40:23 MST 2019
# IP Build 2700528 on Thu Nov  7 00:09:20 MST 2019
# Start of session at: Mon Sep  4 17:17:43 2023
# Process ID: 18840
# Current directory: C:/Users/blessing software/Desktop/single_cycle/single_cycle
# Command line: vivado.exe -gui_launcher_event rodinguilauncherevent14836 C:\Users\blessing software\Desktop\single_cycle\single_cycle\single_cycle.xpr
# Log file: C:/Users/blessing software/Desktop/single_cycle/single_cycle/vivado.log
# Journal file: C:/Users/blessing software/Desktop/single_cycle/single_cycle\vivado.jou
#-----------------------------------------------------------
start_gui
open_project {C:/Users/blessing software/Desktop/single_cycle/single_cycle/single_cycle.xpr}
update_compile_order -fileset sources_1
launch_simulation
open_wave_config {C:/Users/blessing software/Desktop/single_cycle/single_cycle/testbench_behav.wcfg}
source testbench.tcl
save_wave_config {C:/Users/blessing software/Desktop/single_cycle/single_cycle/testbench_behav.wcfg}
close_sim
launch_simulation
open_wave_config {C:/Users/blessing software/Desktop/single_cycle/single_cycle/testbench_behav.wcfg}
source testbench.tcl
save_wave_config {C:/Users/blessing software/Desktop/single_cycle/single_cycle/testbench_behav.wcfg}
close_sim
launch_simulation
open_wave_config {C:/Users/blessing software/Desktop/single_cycle/single_cycle/testbench_behav.wcfg}
source testbench.tcl
close_sim
launch_simulation
open_wave_config {C:/Users/blessing software/Desktop/single_cycle/single_cycle/testbench_behav.wcfg}
source testbench.tcl
save_wave_config {C:/Users/blessing software/Desktop/single_cycle/single_cycle/testbench_behav.wcfg}
close_sim
